// Jest Snapshot v1, https://goo.gl/fbAQLP

exports[`CustomModal Should match snapshot 1`] = `ShallowWrapper {}`;
