// Jest Snapshot v1, https://goo.gl/fbAQLP

exports[`AuthInput Should match snapshot 1`] = `ShallowWrapper {}`;
