// Jest Snapshot v1, https://goo.gl/fbAQLP

exports[`AddRoom Should match snapshot 1`] = `"<div><div class=\\"add-room\\">+</div></div>"`;
