// Jest Snapshot v1, https://goo.gl/fbAQLP

exports[`App Should match snapshot 1`] = `"<div class=\\"gen__holder\\"><div class=\\"gen\\"><div class=\\"gen__info\\"><img src=\\"/assets/images/logo.png\\" alt=\\"logo\\" class=\\"logo\\"/><div class=\\"title\\"><h1 class=\\"title__big\\">SIGN IN</h1><br/><h2 class=\\"title__small\\">YOUR ACCOUNT</h2></div></div><div class=\\"gen__main\\"><div class=\\"gen__container\\"><label class=\\"inputs__label \\">Login<input type=\\"text\\" name=\\"login\\" value=\\"\\" title=\\"Enter your login\\" placeholder=\\"Enter your login\\" class=\\"inputs__input undefined\\" minLength=\\"1\\" maxLength=\\"30\\"/></label><label class=\\"inputs__label \\">Password<input type=\\"password\\" name=\\"password\\" value=\\"\\" title=\\"Enter your password\\" placeholder=\\"Enter your password\\" class=\\"inputs__input undefined\\" minLength=\\"1\\" maxLength=\\"30\\"/></label><div class=\\"gen__buttons\\"><button type=\\"button\\" class=\\"button\\" disabled=\\"\\">SIGN IN</button></div><p class=\\"gen__link\\">Create new account</p><a class=\\"gen__link\\" href=\\"/registration\\">Sign up</a></div></div></div></div>"`;
