// Jest Snapshot v1, https://goo.gl/fbAQLP

exports[`ModalMyAccount Should match snapshot 1`] = `"<div class=\\"my-account\\"><label class=\\"load-img-file\\"><img src=\\"/assets/images/1-36-1024x1024.jpg\\"/><input type=\\"file\\" name=\\"filedata\\" hidden=\\"\\"/></label><div class=\\"my-account__info\\"><div class=\\"my-account__info1\\"><label class=\\"inputs__label \\">firstName<input type=\\"text\\" name=\\"firstname\\" title=\\"firstNamePlaceholder\\" placeholder=\\"firstNamePlaceholder\\" class=\\"inputs__input undefined\\"/></label></div><div class=\\"my-account__info1\\"><label class=\\"inputs__label \\">lastName<input type=\\"text\\" name=\\"lastname\\" title=\\"lastNamePlaceholder\\" placeholder=\\"lastNamePlaceholder\\" class=\\"inputs__input undefined\\"/></label></div></div><div class=\\"my-account__info\\"><div class=\\"my-account__info1\\"><label class=\\"inputs__label \\">age<input type=\\"text\\" name=\\"age\\" title=\\"agePlaceholder\\" placeholder=\\"agePlaceholder\\" class=\\"inputs__input undefined\\"/></label></div><div class=\\"my-account__info1\\"><label class=\\"inputs__label \\">city<input type=\\"text\\" name=\\"city\\" title=\\"cityPlaceholder\\" placeholder=\\"cityPlaceholder\\" class=\\"inputs__input undefined\\"/></label></div></div><div class=\\"my-account__info\\"><div class=\\"my-account__info1\\"><label class=\\"inputs__label \\">companyName<input type=\\"text\\" name=\\"company\\" title=\\"Enter your company name...\\" placeholder=\\"Enter your company name...\\" class=\\"inputs__input undefined\\"/></label></div><div class=\\"my-account__info1\\"><label class=\\"inputs__label \\">hobby<input type=\\"text\\" name=\\"hobby\\" title=\\"hobbyPlaceholder\\" placeholder=\\"hobbyPlaceholder\\" class=\\"inputs__input undefined\\"/></label></div></div><div class=\\"button-box\\"><button class=\\"button\\">Save</button><button class=\\"button\\">Cancel</button></div></div>"`;
