// Jest Snapshot v1, https://goo.gl/fbAQLP

exports[`ModalSettings Should match snapshot 1`] = `"core"`;
