// Jest Snapshot v1, https://goo.gl/fbAQLP

exports[`RegistrationBtn Should match snapshot 1`] = `"<button type=\\"button\\" class=\\"button\\" disabled=\\"\\">SIGN UP</button>"`;
