// Jest Snapshot v1, https://goo.gl/fbAQLP

exports[`ModalCreateChat Should match snapshot 1`] = `"core"`;
