// Jest Snapshot v1, https://goo.gl/fbAQLP

exports[`MessagesList Should match snapshot 1`] = `ShallowWrapper {}`;
