// Jest Snapshot v1, https://goo.gl/fbAQLP

exports[`Title Should match snapshot 1`] = `"<div class=\\"title\\"><h1 class=\\"title__big\\"></h1><br/><h2 class=\\"title__small\\"></h2></div>"`;
