// Jest Snapshot v1, https://goo.gl/fbAQLP

exports[`MessageCounter Should match snapshot 1`] = `"<div class=\\"message-counter mention-pin\\">99..</div>"`;
