// Jest Snapshot v1, https://goo.gl/fbAQLP

exports[`Rooms Should match snapshot 1`] = `"core"`;
