// Jest Snapshot v1, https://goo.gl/fbAQLP

exports[`MainPage Should match snapshot 1`] = `"<div class=\\"inner\\"><header class=\\"header\\"><img class=\\"header__logo\\" src=\\"/assets/images/logo.png\\"/><h1 class=\\"header__appName\\">Blabber</h1></header><div class=\\"rooms__box\\"><div class=\\"rooms-header\\"><div class=\\"rooms-header__usermenu\\"><div class=\\"rooms-header__userinfo\\"><img class=\\"rooms-header__avatar\\" src=\\"/assets/images/1-36-1024x1024.jpg\\"/><div class=\\"rooms-header__userName\\"></div></div><div class=\\"rooms-header__settingsmenu\\"><div><img class=\\"rooms-header__settings\\" src=\\"/assets/images/seting_2.png\\"/></div><img class=\\"rooms-header__logout\\" src=\\"/assets/images/logout_2.png\\"/></div></div><div class=\\"rooms-header__search\\"><label class=\\"inputs__label \\">search<input title=\\"Enter room name\\" placeholder=\\"searchPlaceholder\\" class=\\"inputs__input rooms-header__input\\"/></label></div></div><div class=\\"rooms\\"><div class=\\"rooms__message\\">No chats</div></div><div><div class=\\"add-room\\">+</div></div></div><div class=\\"message-box message-box--empty\\">Welcome, <p class=\\"message-box--empty__user\\"></p>!</div></div>"`;
