// Jest Snapshot v1, https://goo.gl/fbAQLP

exports[`RoomsHeader Should match snapshot 1`] = `"core"`;
