// Jest Snapshot v1, https://goo.gl/fbAQLP

exports[`MessageItem Should match snapshot 1`] = `"<div class=\\"message-item message-item--user\\">content<span class=\\"message-item__date\\">Invalid date</span></div>"`;
