// Jest Snapshot v1, https://goo.gl/fbAQLP

exports[`AuthBtn Should match snapshot 1`] = `ShallowWrapper {}`;
