// Jest Snapshot v1, https://goo.gl/fbAQLP

exports[`Settings Should match snapshot 1`] = `"<div><img class=\\"rooms-header__settings\\" src=\\"../../../public/assets/images/seting_2.png\\"/></div>"`;
