// Jest Snapshot v1, https://goo.gl/fbAQLP

exports[`Auth Should match snapshot 1`] = `ShallowWrapper {}`;
